I'm sorry, but errors were detected in your script. Please correct the
errors listed below, and try again.


File "game/scripts/define.rpy", line 4: invalid syntax
    Character(None, kind = nvl, what_color="#FFFFFF", what_prefix="~", what_suffix="~" size=12)
                                                                                           ^

Ren'Py Version: Ren'Py 7.1.1.929
Thu Oct 11 10:41:47 2018
